2016-03-29 16:21:52,109 [USER-rpc-event-queue] INFO  o.a.d.j.i.DrillResultSetImpl$ResultsListener - [#1] Query failed: 
oadd.org.apache.drill.common.exceptions.UserRemoteException: VALIDATION ERROR: From line 1, column 35 to line 1, column 51: Table 'tpch10/lineitem' not found

SQL Query null

[Error Id: 0fba0205-e463-4794-bfff-b56a7f272362 on atsqa4-201.qa.lab:31010]
	at oadd.org.apache.drill.exec.rpc.user.QueryResultHandler.resultArrived(QueryResultHandler.java:119) [repro3771-1.0-SNAPSHOT-jar-with-dependencies.jar:na]
	at oadd.org.apache.drill.exec.rpc.user.UserClient.handleReponse(UserClient.java:113) [repro3771-1.0-SNAPSHOT-jar-with-dependencies.jar:na]
	at oadd.org.apache.drill.exec.rpc.BasicClientWithConnection.handle(BasicClientWithConnection.java:46) [repro3771-1.0-SNAPSHOT-jar-with-dependencies.jar:na]
	at oadd.org.apache.drill.exec.rpc.BasicClientWithConnection.handle(BasicClientWithConnection.java:31) [repro3771-1.0-SNAPSHOT-jar-with-dependencies.jar:na]
	at oadd.org.apache.drill.exec.rpc.RpcBus.handle(RpcBus.java:67) [repro3771-1.0-SNAPSHOT-jar-with-dependencies.jar:na]
	at oadd.org.apache.drill.exec.rpc.RpcBus$RequestEvent.run(RpcBus.java:374) [repro3771-1.0-SNAPSHOT-jar-with-dependencies.jar:na]
	at oadd.org.apache.drill.common.SerializedExecutor$RunnableProcessor.run(SerializedExecutor.java:89) [repro3771-1.0-SNAPSHOT-jar-with-dependencies.jar:na]
	at oadd.org.apache.drill.exec.rpc.RpcBus$SameExecutor.execute(RpcBus.java:252) [repro3771-1.0-SNAPSHOT-jar-with-dependencies.jar:na]
	at oadd.org.apache.drill.common.SerializedExecutor.execute(SerializedExecutor.java:123) [repro3771-1.0-SNAPSHOT-jar-with-dependencies.jar:na]
	at oadd.org.apache.drill.exec.rpc.RpcBus$InboundHandler.decode(RpcBus.java:285) [repro3771-1.0-SNAPSHOT-jar-with-dependencies.jar:na]
	at oadd.org.apache.drill.exec.rpc.RpcBus$InboundHandler.decode(RpcBus.java:257) [repro3771-1.0-SNAPSHOT-jar-with-dependencies.jar:na]
	at oadd.io.netty.handler.codec.MessageToMessageDecoder.channelRead(MessageToMessageDecoder.java:89) [repro3771-1.0-SNAPSHOT-jar-with-dependencies.jar:na]
	at oadd.io.netty.channel.AbstractChannelHandlerContext.invokeChannelRead(AbstractChannelHandlerContext.java:339) [repro3771-1.0-SNAPSHOT-jar-with-dependencies.jar:na]
	at oadd.io.netty.channel.AbstractChannelHandlerContext.fireChannelRead(AbstractChannelHandlerContext.java:324) [repro3771-1.0-SNAPSHOT-jar-with-dependencies.jar:na]
	at oadd.io.netty.handler.timeout.IdleStateHandler.channelRead(IdleStateHandler.java:254) [repro3771-1.0-SNAPSHOT-jar-with-dependencies.jar:na]
	at oadd.io.netty.channel.AbstractChannelHandlerContext.invokeChannelRead(AbstractChannelHandlerContext.java:339) [repro3771-1.0-SNAPSHOT-jar-with-dependencies.jar:na]
	at oadd.io.netty.channel.AbstractChannelHandlerContext.fireChannelRead(AbstractChannelHandlerContext.java:324) [repro3771-1.0-SNAPSHOT-jar-with-dependencies.jar:na]
	at oadd.io.netty.handler.codec.MessageToMessageDecoder.channelRead(MessageToMessageDecoder.java:103) [repro3771-1.0-SNAPSHOT-jar-with-dependencies.jar:na]
	at oadd.io.netty.channel.AbstractChannelHandlerContext.invokeChannelRead(AbstractChannelHandlerContext.java:339) [repro3771-1.0-SNAPSHOT-jar-with-dependencies.jar:na]
	at oadd.io.netty.channel.AbstractChannelHandlerContext.fireChannelRead(AbstractChannelHandlerContext.java:324) [repro3771-1.0-SNAPSHOT-jar-with-dependencies.jar:na]
	at oadd.io.netty.handler.codec.ByteToMessageDecoder.channelRead(ByteToMessageDecoder.java:242) [repro3771-1.0-SNAPSHOT-jar-with-dependencies.jar:na]
	at oadd.io.netty.channel.AbstractChannelHandlerContext.invokeChannelRead(AbstractChannelHandlerContext.java:339) [repro3771-1.0-SNAPSHOT-jar-with-dependencies.jar:na]
	at oadd.io.netty.channel.AbstractChannelHandlerContext.fireChannelRead(AbstractChannelHandlerContext.java:324) [repro3771-1.0-SNAPSHOT-jar-with-dependencies.jar:na]
	at oadd.io.netty.channel.ChannelInboundHandlerAdapter.channelRead(ChannelInboundHandlerAdapter.java:86) [repro3771-1.0-SNAPSHOT-jar-with-dependencies.jar:na]
	at oadd.io.netty.channel.AbstractChannelHandlerContext.invokeChannelRead(AbstractChannelHandlerContext.java:339) [repro3771-1.0-SNAPSHOT-jar-with-dependencies.jar:na]
	at oadd.io.netty.channel.AbstractChannelHandlerContext.fireChannelRead(AbstractChannelHandlerContext.java:324) [repro3771-1.0-SNAPSHOT-jar-with-dependencies.jar:na]
	at oadd.io.netty.channel.DefaultChannelPipeline.fireChannelRead(DefaultChannelPipeline.java:847) [repro3771-1.0-SNAPSHOT-jar-with-dependencies.jar:na]
	at oadd.io.netty.channel.nio.AbstractNioByteChannel$NioByteUnsafe.read(AbstractNioByteChannel.java:131) [repro3771-1.0-SNAPSHOT-jar-with-dependencies.jar:na]
	at oadd.io.netty.channel.nio.NioEventLoop.processSelectedKey(NioEventLoop.java:511) [repro3771-1.0-SNAPSHOT-jar-with-dependencies.jar:na]
	at oadd.io.netty.channel.nio.NioEventLoop.processSelectedKeysOptimized(NioEventLoop.java:468) [repro3771-1.0-SNAPSHOT-jar-with-dependencies.jar:na]
	at oadd.io.netty.channel.nio.NioEventLoop.processSelectedKeys(NioEventLoop.java:382) [repro3771-1.0-SNAPSHOT-jar-with-dependencies.jar:na]
	at oadd.io.netty.channel.nio.NioEventLoop.run(NioEventLoop.java:354) [repro3771-1.0-SNAPSHOT-jar-with-dependencies.jar:na]
	at oadd.io.netty.util.concurrent.SingleThreadEventExecutor$2.run(SingleThreadEventExecutor.java:111) [repro3771-1.0-SNAPSHOT-jar-with-dependencies.jar:na]
	at java.lang.Thread.run(Thread.java:745) [na:1.7.0_71]
2016-03-29 16:21:52,762 [USER-rpc-event-queue] INFO  o.a.d.j.i.DrillResultSetImpl$ResultsListener - [#2] Query failed: 
oadd.org.apache.drill.common.exceptions.UserRemoteException: VALIDATION ERROR: From line 1, column 35 to line 1, column 51: Table 'tpch10/lineitem' not found

SQL Query null

[Error Id: d4a38b61-c38d-40fa-8600-8d791e381a7a on atsqa4-201.qa.lab:31010]
	at oadd.org.apache.drill.exec.rpc.user.QueryResultHandler.resultArrived(QueryResultHandler.java:119) [repro3771-1.0-SNAPSHOT-jar-with-dependencies.jar:na]
	at oadd.org.apache.drill.exec.rpc.user.UserClient.handleReponse(UserClient.java:113) [repro3771-1.0-SNAPSHOT-jar-with-dependencies.jar:na]
	at oadd.org.apache.drill.exec.rpc.BasicClientWithConnection.handle(BasicClientWithConnection.java:46) [repro3771-1.0-SNAPSHOT-jar-with-dependencies.jar:na]
	at oadd.org.apache.drill.exec.rpc.BasicClientWithConnection.handle(BasicClientWithConnection.java:31) [repro3771-1.0-SNAPSHOT-jar-with-dependencies.jar:na]
	at oadd.org.apache.drill.exec.rpc.RpcBus.handle(RpcBus.java:67) [repro3771-1.0-SNAPSHOT-jar-with-dependencies.jar:na]
	at oadd.org.apache.drill.exec.rpc.RpcBus$RequestEvent.run(RpcBus.java:374) [repro3771-1.0-SNAPSHOT-jar-with-dependencies.jar:na]
	at oadd.org.apache.drill.common.SerializedExecutor$RunnableProcessor.run(SerializedExecutor.java:89) [repro3771-1.0-SNAPSHOT-jar-with-dependencies.jar:na]
	at oadd.org.apache.drill.exec.rpc.RpcBus$SameExecutor.execute(RpcBus.java:252) [repro3771-1.0-SNAPSHOT-jar-with-dependencies.jar:na]
	at oadd.org.apache.drill.common.SerializedExecutor.execute(SerializedExecutor.java:123) [repro3771-1.0-SNAPSHOT-jar-with-dependencies.jar:na]
	at oadd.org.apache.drill.exec.rpc.RpcBus$InboundHandler.decode(RpcBus.java:285) [repro3771-1.0-SNAPSHOT-jar-with-dependencies.jar:na]
	at oadd.org.apache.drill.exec.rpc.RpcBus$InboundHandler.decode(RpcBus.java:257) [repro3771-1.0-SNAPSHOT-jar-with-dependencies.jar:na]
	at oadd.io.netty.handler.codec.MessageToMessageDecoder.channelRead(MessageToMessageDecoder.java:89) [repro3771-1.0-SNAPSHOT-jar-with-dependencies.jar:na]
	at oadd.io.netty.channel.AbstractChannelHandlerContext.invokeChannelRead(AbstractChannelHandlerContext.java:339) [repro3771-1.0-SNAPSHOT-jar-with-dependencies.jar:na]
	at oadd.io.netty.channel.AbstractChannelHandlerContext.fireChannelRead(AbstractChannelHandlerContext.java:324) [repro3771-1.0-SNAPSHOT-jar-with-dependencies.jar:na]
	at oadd.io.netty.handler.timeout.IdleStateHandler.channelRead(IdleStateHandler.java:254) [repro3771-1.0-SNAPSHOT-jar-with-dependencies.jar:na]
	at oadd.io.netty.channel.AbstractChannelHandlerContext.invokeChannelRead(AbstractChannelHandlerContext.java:339) [repro3771-1.0-SNAPSHOT-jar-with-dependencies.jar:na]
	at oadd.io.netty.channel.AbstractChannelHandlerContext.fireChannelRead(AbstractChannelHandlerContext.java:324) [repro3771-1.0-SNAPSHOT-jar-with-dependencies.jar:na]
	at oadd.io.netty.handler.codec.MessageToMessageDecoder.channelRead(MessageToMessageDecoder.java:103) [repro3771-1.0-SNAPSHOT-jar-with-dependencies.jar:na]
	at oadd.io.netty.channel.AbstractChannelHandlerContext.invokeChannelRead(AbstractChannelHandlerContext.java:339) [repro3771-1.0-SNAPSHOT-jar-with-dependencies.jar:na]
	at oadd.io.netty.channel.AbstractChannelHandlerContext.fireChannelRead(AbstractChannelHandlerContext.java:324) [repro3771-1.0-SNAPSHOT-jar-with-dependencies.jar:na]
	at oadd.io.netty.handler.codec.ByteToMessageDecoder.channelRead(ByteToMessageDecoder.java:242) [repro3771-1.0-SNAPSHOT-jar-with-dependencies.jar:na]
	at oadd.io.netty.channel.AbstractChannelHandlerContext.invokeChannelRead(AbstractChannelHandlerContext.java:339) [repro3771-1.0-SNAPSHOT-jar-with-dependencies.jar:na]
	at oadd.io.netty.channel.AbstractChannelHandlerContext.fireChannelRead(AbstractChannelHandlerContext.java:324) [repro3771-1.0-SNAPSHOT-jar-with-dependencies.jar:na]
	at oadd.io.netty.channel.ChannelInboundHandlerAdapter.channelRead(ChannelInboundHandlerAdapter.java:86) [repro3771-1.0-SNAPSHOT-jar-with-dependencies.jar:na]
	at oadd.io.netty.channel.AbstractChannelHandlerContext.invokeChannelRead(AbstractChannelHandlerContext.java:339) [repro3771-1.0-SNAPSHOT-jar-with-dependencies.jar:na]
	at oadd.io.netty.channel.AbstractChannelHandlerContext.fireChannelRead(AbstractChannelHandlerContext.java:324) [repro3771-1.0-SNAPSHOT-jar-with-dependencies.jar:na]
	at oadd.io.netty.channel.DefaultChannelPipeline.fireChannelRead(DefaultChannelPipeline.java:847) [repro3771-1.0-SNAPSHOT-jar-with-dependencies.jar:na]
	at oadd.io.netty.channel.nio.AbstractNioByteChannel$NioByteUnsafe.read(AbstractNioByteChannel.java:131) [repro3771-1.0-SNAPSHOT-jar-with-dependencies.jar:na]
	at oadd.io.netty.channel.nio.NioEventLoop.processSelectedKey(NioEventLoop.java:511) [repro3771-1.0-SNAPSHOT-jar-with-dependencies.jar:na]
	at oadd.io.netty.channel.nio.NioEventLoop.processSelectedKeysOptimized(NioEventLoop.java:468) [repro3771-1.0-SNAPSHOT-jar-with-dependencies.jar:na]
	at oadd.io.netty.channel.nio.NioEventLoop.processSelectedKeys(NioEventLoop.java:382) [repro3771-1.0-SNAPSHOT-jar-with-dependencies.jar:na]
	at oadd.io.netty.channel.nio.NioEventLoop.run(NioEventLoop.java:354) [repro3771-1.0-SNAPSHOT-jar-with-dependencies.jar:na]
	at oadd.io.netty.util.concurrent.SingleThreadEventExecutor$2.run(SingleThreadEventExecutor.java:111) [repro3771-1.0-SNAPSHOT-jar-with-dependencies.jar:na]
	at java.lang.Thread.run(Thread.java:745) [na:1.7.0_71]
2016-03-29 16:21:53,321 [USER-rpc-event-queue] INFO  o.a.d.j.i.DrillResultSetImpl$ResultsListener - [#3] Query failed: 
oadd.org.apache.drill.common.exceptions.UserRemoteException: VALIDATION ERROR: From line 1, column 35 to line 1, column 51: Table 'tpch10/lineitem' not found

SQL Query null

[Error Id: cb4243da-8cca-450b-843d-f3a06abe407a on atsqa4-201.qa.lab:31010]
	at oadd.org.apache.drill.exec.rpc.user.QueryResultHandler.resultArrived(QueryResultHandler.java:119) [repro3771-1.0-SNAPSHOT-jar-with-dependencies.jar:na]
	at oadd.org.apache.drill.exec.rpc.user.UserClient.handleReponse(UserClient.java:113) [repro3771-1.0-SNAPSHOT-jar-with-dependencies.jar:na]
	at oadd.org.apache.drill.exec.rpc.BasicClientWithConnection.handle(BasicClientWithConnection.java:46) [repro3771-1.0-SNAPSHOT-jar-with-dependencies.jar:na]
	at oadd.org.apache.drill.exec.rpc.BasicClientWithConnection.handle(BasicClientWithConnection.java:31) [repro3771-1.0-SNAPSHOT-jar-with-dependencies.jar:na]
	at oadd.org.apache.drill.exec.rpc.RpcBus.handle(RpcBus.java:67) [repro3771-1.0-SNAPSHOT-jar-with-dependencies.jar:na]
	at oadd.org.apache.drill.exec.rpc.RpcBus$RequestEvent.run(RpcBus.java:374) [repro3771-1.0-SNAPSHOT-jar-with-dependencies.jar:na]
	at oadd.org.apache.drill.common.SerializedExecutor$RunnableProcessor.run(SerializedExecutor.java:89) [repro3771-1.0-SNAPSHOT-jar-with-dependencies.jar:na]
	at oadd.org.apache.drill.exec.rpc.RpcBus$SameExecutor.execute(RpcBus.java:252) [repro3771-1.0-SNAPSHOT-jar-with-dependencies.jar:na]
	at oadd.org.apache.drill.common.SerializedExecutor.execute(SerializedExecutor.java:123) [repro3771-1.0-SNAPSHOT-jar-with-dependencies.jar:na]
	at oadd.org.apache.drill.exec.rpc.RpcBus$InboundHandler.decode(RpcBus.java:285) [repro3771-1.0-SNAPSHOT-jar-with-dependencies.jar:na]
	at oadd.org.apache.drill.exec.rpc.RpcBus$InboundHandler.decode(RpcBus.java:257) [repro3771-1.0-SNAPSHOT-jar-with-dependencies.jar:na]
	at oadd.io.netty.handler.codec.MessageToMessageDecoder.channelRead(MessageToMessageDecoder.java:89) [repro3771-1.0-SNAPSHOT-jar-with-dependencies.jar:na]
	at oadd.io.netty.channel.AbstractChannelHandlerContext.invokeChannelRead(AbstractChannelHandlerContext.java:339) [repro3771-1.0-SNAPSHOT-jar-with-dependencies.jar:na]
	at oadd.io.netty.channel.AbstractChannelHandlerContext.fireChannelRead(AbstractChannelHandlerContext.java:324) [repro3771-1.0-SNAPSHOT-jar-with-dependencies.jar:na]
	at oadd.io.netty.handler.timeout.IdleStateHandler.channelRead(IdleStateHandler.java:254) [repro3771-1.0-SNAPSHOT-jar-with-dependencies.jar:na]
	at oadd.io.netty.channel.AbstractChannelHandlerContext.invokeChannelRead(AbstractChannelHandlerContext.java:339) [repro3771-1.0-SNAPSHOT-jar-with-dependencies.jar:na]
	at oadd.io.netty.channel.AbstractChannelHandlerContext.fireChannelRead(AbstractChannelHandlerContext.java:324) [repro3771-1.0-SNAPSHOT-jar-with-dependencies.jar:na]
	at oadd.io.netty.handler.codec.MessageToMessageDecoder.channelRead(MessageToMessageDecoder.java:103) [repro3771-1.0-SNAPSHOT-jar-with-dependencies.jar:na]
	at oadd.io.netty.channel.AbstractChannelHandlerContext.invokeChannelRead(AbstractChannelHandlerContext.java:339) [repro3771-1.0-SNAPSHOT-jar-with-dependencies.jar:na]
	at oadd.io.netty.channel.AbstractChannelHandlerContext.fireChannelRead(AbstractChannelHandlerContext.java:324) [repro3771-1.0-SNAPSHOT-jar-with-dependencies.jar:na]
	at oadd.io.netty.handler.codec.ByteToMessageDecoder.channelRead(ByteToMessageDecoder.java:242) [repro3771-1.0-SNAPSHOT-jar-with-dependencies.jar:na]
	at oadd.io.netty.channel.AbstractChannelHandlerContext.invokeChannelRead(AbstractChannelHandlerContext.java:339) [repro3771-1.0-SNAPSHOT-jar-with-dependencies.jar:na]
	at oadd.io.netty.channel.AbstractChannelHandlerContext.fireChannelRead(AbstractChannelHandlerContext.java:324) [repro3771-1.0-SNAPSHOT-jar-with-dependencies.jar:na]
	at oadd.io.netty.channel.ChannelInboundHandlerAdapter.channelRead(ChannelInboundHandlerAdapter.java:86) [repro3771-1.0-SNAPSHOT-jar-with-dependencies.jar:na]
	at oadd.io.netty.channel.AbstractChannelHandlerContext.invokeChannelRead(AbstractChannelHandlerContext.java:339) [repro3771-1.0-SNAPSHOT-jar-with-dependencies.jar:na]
	at oadd.io.netty.channel.AbstractChannelHandlerContext.fireChannelRead(AbstractChannelHandlerContext.java:324) [repro3771-1.0-SNAPSHOT-jar-with-dependencies.jar:na]
	at oadd.io.netty.channel.DefaultChannelPipeline.fireChannelRead(DefaultChannelPipeline.java:847) [repro3771-1.0-SNAPSHOT-jar-with-dependencies.jar:na]
	at oadd.io.netty.channel.nio.AbstractNioByteChannel$NioByteUnsafe.read(AbstractNioByteChannel.java:131) [repro3771-1.0-SNAPSHOT-jar-with-dependencies.jar:na]
	at oadd.io.netty.channel.nio.NioEventLoop.processSelectedKey(NioEventLoop.java:511) [repro3771-1.0-SNAPSHOT-jar-with-dependencies.jar:na]
	at oadd.io.netty.channel.nio.NioEventLoop.processSelectedKeysOptimized(NioEventLoop.java:468) [repro3771-1.0-SNAPSHOT-jar-with-dependencies.jar:na]
	at oadd.io.netty.channel.nio.NioEventLoop.processSelectedKeys(NioEventLoop.java:382) [repro3771-1.0-SNAPSHOT-jar-with-dependencies.jar:na]
	at oadd.io.netty.channel.nio.NioEventLoop.run(NioEventLoop.java:354) [repro3771-1.0-SNAPSHOT-jar-with-dependencies.jar:na]
	at oadd.io.netty.util.concurrent.SingleThreadEventExecutor$2.run(SingleThreadEventExecutor.java:111) [repro3771-1.0-SNAPSHOT-jar-with-dependencies.jar:na]
	at java.lang.Thread.run(Thread.java:745) [na:1.7.0_71]
2016-03-29 16:21:53,838 [USER-rpc-event-queue] INFO  o.a.d.j.i.DrillResultSetImpl$ResultsListener - [#4] Query failed: 
oadd.org.apache.drill.common.exceptions.UserRemoteException: VALIDATION ERROR: From line 1, column 35 to line 1, column 51: Table 'tpch10/lineitem' not found

SQL Query null

[Error Id: 43505508-ca72-4a30-86d7-b24acf48fffb on atsqa4-201.qa.lab:31010]
	at oadd.org.apache.drill.exec.rpc.user.QueryResultHandler.resultArrived(QueryResultHandler.java:119) [repro3771-1.0-SNAPSHOT-jar-with-dependencies.jar:na]
	at oadd.org.apache.drill.exec.rpc.user.UserClient.handleReponse(UserClient.java:113) [repro3771-1.0-SNAPSHOT-jar-with-dependencies.jar:na]
	at oadd.org.apache.drill.exec.rpc.BasicClientWithConnection.handle(BasicClientWithConnection.java:46) [repro3771-1.0-SNAPSHOT-jar-with-dependencies.jar:na]
	at oadd.org.apache.drill.exec.rpc.BasicClientWithConnection.handle(BasicClientWithConnection.java:31) [repro3771-1.0-SNAPSHOT-jar-with-dependencies.jar:na]
	at oadd.org.apache.drill.exec.rpc.RpcBus.handle(RpcBus.java:67) [repro3771-1.0-SNAPSHOT-jar-with-dependencies.jar:na]
	at oadd.org.apache.drill.exec.rpc.RpcBus$RequestEvent.run(RpcBus.java:374) [repro3771-1.0-SNAPSHOT-jar-with-dependencies.jar:na]
	at oadd.org.apache.drill.common.SerializedExecutor$RunnableProcessor.run(SerializedExecutor.java:89) [repro3771-1.0-SNAPSHOT-jar-with-dependencies.jar:na]
	at oadd.org.apache.drill.exec.rpc.RpcBus$SameExecutor.execute(RpcBus.java:252) [repro3771-1.0-SNAPSHOT-jar-with-dependencies.jar:na]
	at oadd.org.apache.drill.common.SerializedExecutor.execute(SerializedExecutor.java:123) [repro3771-1.0-SNAPSHOT-jar-with-dependencies.jar:na]
	at oadd.org.apache.drill.exec.rpc.RpcBus$InboundHandler.decode(RpcBus.java:285) [repro3771-1.0-SNAPSHOT-jar-with-dependencies.jar:na]
	at oadd.org.apache.drill.exec.rpc.RpcBus$InboundHandler.decode(RpcBus.java:257) [repro3771-1.0-SNAPSHOT-jar-with-dependencies.jar:na]
	at oadd.io.netty.handler.codec.MessageToMessageDecoder.channelRead(MessageToMessageDecoder.java:89) [repro3771-1.0-SNAPSHOT-jar-with-dependencies.jar:na]
	at oadd.io.netty.channel.AbstractChannelHandlerContext.invokeChannelRead(AbstractChannelHandlerContext.java:339) [repro3771-1.0-SNAPSHOT-jar-with-dependencies.jar:na]
	at oadd.io.netty.channel.AbstractChannelHandlerContext.fireChannelRead(AbstractChannelHandlerContext.java:324) [repro3771-1.0-SNAPSHOT-jar-with-dependencies.jar:na]
	at oadd.io.netty.handler.timeout.IdleStateHandler.channelRead(IdleStateHandler.java:254) [repro3771-1.0-SNAPSHOT-jar-with-dependencies.jar:na]
	at oadd.io.netty.channel.AbstractChannelHandlerContext.invokeChannelRead(AbstractChannelHandlerContext.java:339) [repro3771-1.0-SNAPSHOT-jar-with-dependencies.jar:na]
	at oadd.io.netty.channel.AbstractChannelHandlerContext.fireChannelRead(AbstractChannelHandlerContext.java:324) [repro3771-1.0-SNAPSHOT-jar-with-dependencies.jar:na]
	at oadd.io.netty.handler.codec.MessageToMessageDecoder.channelRead(MessageToMessageDecoder.java:103) [repro3771-1.0-SNAPSHOT-jar-with-dependencies.jar:na]
	at oadd.io.netty.channel.AbstractChannelHandlerContext.invokeChannelRead(AbstractChannelHandlerContext.java:339) [repro3771-1.0-SNAPSHOT-jar-with-dependencies.jar:na]
	at oadd.io.netty.channel.AbstractChannelHandlerContext.fireChannelRead(AbstractChannelHandlerContext.java:324) [repro3771-1.0-SNAPSHOT-jar-with-dependencies.jar:na]
	at oadd.io.netty.handler.codec.ByteToMessageDecoder.channelRead(ByteToMessageDecoder.java:242) [repro3771-1.0-SNAPSHOT-jar-with-dependencies.jar:na]
	at oadd.io.netty.channel.AbstractChannelHandlerContext.invokeChannelRead(AbstractChannelHandlerContext.java:339) [repro3771-1.0-SNAPSHOT-jar-with-dependencies.jar:na]
	at oadd.io.netty.channel.AbstractChannelHandlerContext.fireChannelRead(AbstractChannelHandlerContext.java:324) [repro3771-1.0-SNAPSHOT-jar-with-dependencies.jar:na]
	at oadd.io.netty.channel.ChannelInboundHandlerAdapter.channelRead(ChannelInboundHandlerAdapter.java:86) [repro3771-1.0-SNAPSHOT-jar-with-dependencies.jar:na]
	at oadd.io.netty.channel.AbstractChannelHandlerContext.invokeChannelRead(AbstractChannelHandlerContext.java:339) [repro3771-1.0-SNAPSHOT-jar-with-dependencies.jar:na]
	at oadd.io.netty.channel.AbstractChannelHandlerContext.fireChannelRead(AbstractChannelHandlerContext.java:324) [repro3771-1.0-SNAPSHOT-jar-with-dependencies.jar:na]
	at oadd.io.netty.channel.DefaultChannelPipeline.fireChannelRead(DefaultChannelPipeline.java:847) [repro3771-1.0-SNAPSHOT-jar-with-dependencies.jar:na]
	at oadd.io.netty.channel.nio.AbstractNioByteChannel$NioByteUnsafe.read(AbstractNioByteChannel.java:131) [repro3771-1.0-SNAPSHOT-jar-with-dependencies.jar:na]
	at oadd.io.netty.channel.nio.NioEventLoop.processSelectedKey(NioEventLoop.java:511) [repro3771-1.0-SNAPSHOT-jar-with-dependencies.jar:na]
	at oadd.io.netty.channel.nio.NioEventLoop.processSelectedKeysOptimized(NioEventLoop.java:468) [repro3771-1.0-SNAPSHOT-jar-with-dependencies.jar:na]
	at oadd.io.netty.channel.nio.NioEventLoop.processSelectedKeys(NioEventLoop.java:382) [repro3771-1.0-SNAPSHOT-jar-with-dependencies.jar:na]
	at oadd.io.netty.channel.nio.NioEventLoop.run(NioEventLoop.java:354) [repro3771-1.0-SNAPSHOT-jar-with-dependencies.jar:na]
	at oadd.io.netty.util.concurrent.SingleThreadEventExecutor$2.run(SingleThreadEventExecutor.java:111) [repro3771-1.0-SNAPSHOT-jar-with-dependencies.jar:na]
	at java.lang.Thread.run(Thread.java:745) [na:1.7.0_71]
2016-03-29 16:21:54,503 [USER-rpc-event-queue] INFO  o.a.d.j.i.DrillResultSetImpl$ResultsListener - [#5] Query failed: 
oadd.org.apache.drill.common.exceptions.UserRemoteException: VALIDATION ERROR: From line 1, column 35 to line 1, column 51: Table 'tpch10/lineitem' not found

SQL Query null

[Error Id: 138f58f5-3bac-4f34-9894-19c09edc6a40 on atsqa4-201.qa.lab:31010]
	at oadd.org.apache.drill.exec.rpc.user.QueryResultHandler.resultArrived(QueryResultHandler.java:119) [repro3771-1.0-SNAPSHOT-jar-with-dependencies.jar:na]
	at oadd.org.apache.drill.exec.rpc.user.UserClient.handleReponse(UserClient.java:113) [repro3771-1.0-SNAPSHOT-jar-with-dependencies.jar:na]
	at oadd.org.apache.drill.exec.rpc.BasicClientWithConnection.handle(BasicClientWithConnection.java:46) [repro3771-1.0-SNAPSHOT-jar-with-dependencies.jar:na]
	at oadd.org.apache.drill.exec.rpc.BasicClientWithConnection.handle(BasicClientWithConnection.java:31) [repro3771-1.0-SNAPSHOT-jar-with-dependencies.jar:na]
	at oadd.org.apache.drill.exec.rpc.RpcBus.handle(RpcBus.java:67) [repro3771-1.0-SNAPSHOT-jar-with-dependencies.jar:na]
	at oadd.org.apache.drill.exec.rpc.RpcBus$RequestEvent.run(RpcBus.java:374) [repro3771-1.0-SNAPSHOT-jar-with-dependencies.jar:na]
	at oadd.org.apache.drill.common.SerializedExecutor$RunnableProcessor.run(SerializedExecutor.java:89) [repro3771-1.0-SNAPSHOT-jar-with-dependencies.jar:na]
	at oadd.org.apache.drill.exec.rpc.RpcBus$SameExecutor.execute(RpcBus.java:252) [repro3771-1.0-SNAPSHOT-jar-with-dependencies.jar:na]
	at oadd.org.apache.drill.common.SerializedExecutor.execute(SerializedExecutor.java:123) [repro3771-1.0-SNAPSHOT-jar-with-dependencies.jar:na]
	at oadd.org.apache.drill.exec.rpc.RpcBus$InboundHandler.decode(RpcBus.java:285) [repro3771-1.0-SNAPSHOT-jar-with-dependencies.jar:na]
	at oadd.org.apache.drill.exec.rpc.RpcBus$InboundHandler.decode(RpcBus.java:257) [repro3771-1.0-SNAPSHOT-jar-with-dependencies.jar:na]
	at oadd.io.netty.handler.codec.MessageToMessageDecoder.channelRead(MessageToMessageDecoder.java:89) [repro3771-1.0-SNAPSHOT-jar-with-dependencies.jar:na]
	at oadd.io.netty.channel.AbstractChannelHandlerContext.invokeChannelRead(AbstractChannelHandlerContext.java:339) [repro3771-1.0-SNAPSHOT-jar-with-dependencies.jar:na]
	at oadd.io.netty.channel.AbstractChannelHandlerContext.fireChannelRead(AbstractChannelHandlerContext.java:324) [repro3771-1.0-SNAPSHOT-jar-with-dependencies.jar:na]
	at oadd.io.netty.handler.timeout.IdleStateHandler.channelRead(IdleStateHandler.java:254) [repro3771-1.0-SNAPSHOT-jar-with-dependencies.jar:na]
	at oadd.io.netty.channel.AbstractChannelHandlerContext.invokeChannelRead(AbstractChannelHandlerContext.java:339) [repro3771-1.0-SNAPSHOT-jar-with-dependencies.jar:na]
	at oadd.io.netty.channel.AbstractChannelHandlerContext.fireChannelRead(AbstractChannelHandlerContext.java:324) [repro3771-1.0-SNAPSHOT-jar-with-dependencies.jar:na]
	at oadd.io.netty.handler.codec.MessageToMessageDecoder.channelRead(MessageToMessageDecoder.java:103) [repro3771-1.0-SNAPSHOT-jar-with-dependencies.jar:na]
	at oadd.io.netty.channel.AbstractChannelHandlerContext.invokeChannelRead(AbstractChannelHandlerContext.java:339) [repro3771-1.0-SNAPSHOT-jar-with-dependencies.jar:na]
	at oadd.io.netty.channel.AbstractChannelHandlerContext.fireChannelRead(AbstractChannelHandlerContext.java:324) [repro3771-1.0-SNAPSHOT-jar-with-dependencies.jar:na]
	at oadd.io.netty.handler.codec.ByteToMessageDecoder.channelRead(ByteToMessageDecoder.java:242) [repro3771-1.0-SNAPSHOT-jar-with-dependencies.jar:na]
	at oadd.io.netty.channel.AbstractChannelHandlerContext.invokeChannelRead(AbstractChannelHandlerContext.java:339) [repro3771-1.0-SNAPSHOT-jar-with-dependencies.jar:na]
	at oadd.io.netty.channel.AbstractChannelHandlerContext.fireChannelRead(AbstractChannelHandlerContext.java:324) [repro3771-1.0-SNAPSHOT-jar-with-dependencies.jar:na]
	at oadd.io.netty.channel.ChannelInboundHandlerAdapter.channelRead(ChannelInboundHandlerAdapter.java:86) [repro3771-1.0-SNAPSHOT-jar-with-dependencies.jar:na]
	at oadd.io.netty.channel.AbstractChannelHandlerContext.invokeChannelRead(AbstractChannelHandlerContext.java:339) [repro3771-1.0-SNAPSHOT-jar-with-dependencies.jar:na]
	at oadd.io.netty.channel.AbstractChannelHandlerContext.fireChannelRead(AbstractChannelHandlerContext.java:324) [repro3771-1.0-SNAPSHOT-jar-with-dependencies.jar:na]
	at oadd.io.netty.channel.DefaultChannelPipeline.fireChannelRead(DefaultChannelPipeline.java:847) [repro3771-1.0-SNAPSHOT-jar-with-dependencies.jar:na]
	at oadd.io.netty.channel.nio.AbstractNioByteChannel$NioByteUnsafe.read(AbstractNioByteChannel.java:131) [repro3771-1.0-SNAPSHOT-jar-with-dependencies.jar:na]
	at oadd.io.netty.channel.nio.NioEventLoop.processSelectedKey(NioEventLoop.java:511) [repro3771-1.0-SNAPSHOT-jar-with-dependencies.jar:na]
	at oadd.io.netty.channel.nio.NioEventLoop.processSelectedKeysOptimized(NioEventLoop.java:468) [repro3771-1.0-SNAPSHOT-jar-with-dependencies.jar:na]
	at oadd.io.netty.channel.nio.NioEventLoop.processSelectedKeys(NioEventLoop.java:382) [repro3771-1.0-SNAPSHOT-jar-with-dependencies.jar:na]
	at oadd.io.netty.channel.nio.NioEventLoop.run(NioEventLoop.java:354) [repro3771-1.0-SNAPSHOT-jar-with-dependencies.jar:na]
	at oadd.io.netty.util.concurrent.SingleThreadEventExecutor$2.run(SingleThreadEventExecutor.java:111) [repro3771-1.0-SNAPSHOT-jar-with-dependencies.jar:na]
	at java.lang.Thread.run(Thread.java:745) [na:1.7.0_71]
2016-03-29 16:21:56,281 [USER-rpc-event-queue] INFO  o.a.d.j.i.DrillResultSetImpl$ResultsListener - [#6] Query failed: 
oadd.org.apache.drill.common.exceptions.UserRemoteException: VALIDATION ERROR: From line 1, column 35 to line 1, column 51: Table 'tpch10/lineitem' not found

SQL Query null

[Error Id: 5effe020-bbbb-4592-af37-64fe26f209d3 on atsqa4-201.qa.lab:31010]
	at oadd.org.apache.drill.exec.rpc.user.QueryResultHandler.resultArrived(QueryResultHandler.java:119) [repro3771-1.0-SNAPSHOT-jar-with-dependencies.jar:na]
	at oadd.org.apache.drill.exec.rpc.user.UserClient.handleReponse(UserClient.java:113) [repro3771-1.0-SNAPSHOT-jar-with-dependencies.jar:na]
	at oadd.org.apache.drill.exec.rpc.BasicClientWithConnection.handle(BasicClientWithConnection.java:46) [repro3771-1.0-SNAPSHOT-jar-with-dependencies.jar:na]
	at oadd.org.apache.drill.exec.rpc.BasicClientWithConnection.handle(BasicClientWithConnection.java:31) [repro3771-1.0-SNAPSHOT-jar-with-dependencies.jar:na]
	at oadd.org.apache.drill.exec.rpc.RpcBus.handle(RpcBus.java:67) [repro3771-1.0-SNAPSHOT-jar-with-dependencies.jar:na]
	at oadd.org.apache.drill.exec.rpc.RpcBus$RequestEvent.run(RpcBus.java:374) [repro3771-1.0-SNAPSHOT-jar-with-dependencies.jar:na]
	at oadd.org.apache.drill.common.SerializedExecutor$RunnableProcessor.run(SerializedExecutor.java:89) [repro3771-1.0-SNAPSHOT-jar-with-dependencies.jar:na]
	at oadd.org.apache.drill.exec.rpc.RpcBus$SameExecutor.execute(RpcBus.java:252) [repro3771-1.0-SNAPSHOT-jar-with-dependencies.jar:na]
	at oadd.org.apache.drill.common.SerializedExecutor.execute(SerializedExecutor.java:123) [repro3771-1.0-SNAPSHOT-jar-with-dependencies.jar:na]
	at oadd.org.apache.drill.exec.rpc.RpcBus$InboundHandler.decode(RpcBus.java:285) [repro3771-1.0-SNAPSHOT-jar-with-dependencies.jar:na]
	at oadd.org.apache.drill.exec.rpc.RpcBus$InboundHandler.decode(RpcBus.java:257) [repro3771-1.0-SNAPSHOT-jar-with-dependencies.jar:na]
	at oadd.io.netty.handler.codec.MessageToMessageDecoder.channelRead(MessageToMessageDecoder.java:89) [repro3771-1.0-SNAPSHOT-jar-with-dependencies.jar:na]
	at oadd.io.netty.channel.AbstractChannelHandlerContext.invokeChannelRead(AbstractChannelHandlerContext.java:339) [repro3771-1.0-SNAPSHOT-jar-with-dependencies.jar:na]
	at oadd.io.netty.channel.AbstractChannelHandlerContext.fireChannelRead(AbstractChannelHandlerContext.java:324) [repro3771-1.0-SNAPSHOT-jar-with-dependencies.jar:na]
	at oadd.io.netty.handler.timeout.IdleStateHandler.channelRead(IdleStateHandler.java:254) [repro3771-1.0-SNAPSHOT-jar-with-dependencies.jar:na]
	at oadd.io.netty.channel.AbstractChannelHandlerContext.invokeChannelRead(AbstractChannelHandlerContext.java:339) [repro3771-1.0-SNAPSHOT-jar-with-dependencies.jar:na]
	at oadd.io.netty.channel.AbstractChannelHandlerContext.fireChannelRead(AbstractChannelHandlerContext.java:324) [repro3771-1.0-SNAPSHOT-jar-with-dependencies.jar:na]
	at oadd.io.netty.handler.codec.MessageToMessageDecoder.channelRead(MessageToMessageDecoder.java:103) [repro3771-1.0-SNAPSHOT-jar-with-dependencies.jar:na]
	at oadd.io.netty.channel.AbstractChannelHandlerContext.invokeChannelRead(AbstractChannelHandlerContext.java:339) [repro3771-1.0-SNAPSHOT-jar-with-dependencies.jar:na]
	at oadd.io.netty.channel.AbstractChannelHandlerContext.fireChannelRead(AbstractChannelHandlerContext.java:324) [repro3771-1.0-SNAPSHOT-jar-with-dependencies.jar:na]
	at oadd.io.netty.handler.codec.ByteToMessageDecoder.channelRead(ByteToMessageDecoder.java:242) [repro3771-1.0-SNAPSHOT-jar-with-dependencies.jar:na]
	at oadd.io.netty.channel.AbstractChannelHandlerContext.invokeChannelRead(AbstractChannelHandlerContext.java:339) [repro3771-1.0-SNAPSHOT-jar-with-dependencies.jar:na]
	at oadd.io.netty.channel.AbstractChannelHandlerContext.fireChannelRead(AbstractChannelHandlerContext.java:324) [repro3771-1.0-SNAPSHOT-jar-with-dependencies.jar:na]
	at oadd.io.netty.channel.ChannelInboundHandlerAdapter.channelRead(ChannelInboundHandlerAdapter.java:86) [repro3771-1.0-SNAPSHOT-jar-with-dependencies.jar:na]
	at oadd.io.netty.channel.AbstractChannelHandlerContext.invokeChannelRead(AbstractChannelHandlerContext.java:339) [repro3771-1.0-SNAPSHOT-jar-with-dependencies.jar:na]
	at oadd.io.netty.channel.AbstractChannelHandlerContext.fireChannelRead(AbstractChannelHandlerContext.java:324) [repro3771-1.0-SNAPSHOT-jar-with-dependencies.jar:na]
	at oadd.io.netty.channel.DefaultChannelPipeline.fireChannelRead(DefaultChannelPipeline.java:847) [repro3771-1.0-SNAPSHOT-jar-with-dependencies.jar:na]
	at oadd.io.netty.channel.nio.AbstractNioByteChannel$NioByteUnsafe.read(AbstractNioByteChannel.java:131) [repro3771-1.0-SNAPSHOT-jar-with-dependencies.jar:na]
	at oadd.io.netty.channel.nio.NioEventLoop.processSelectedKey(NioEventLoop.java:511) [repro3771-1.0-SNAPSHOT-jar-with-dependencies.jar:na]
	at oadd.io.netty.channel.nio.NioEventLoop.processSelectedKeysOptimized(NioEventLoop.java:468) [repro3771-1.0-SNAPSHOT-jar-with-dependencies.jar:na]
	at oadd.io.netty.channel.nio.NioEventLoop.processSelectedKeys(NioEventLoop.java:382) [repro3771-1.0-SNAPSHOT-jar-with-dependencies.jar:na]
	at oadd.io.netty.channel.nio.NioEventLoop.run(NioEventLoop.java:354) [repro3771-1.0-SNAPSHOT-jar-with-dependencies.jar:na]
	at oadd.io.netty.util.concurrent.SingleThreadEventExecutor$2.run(SingleThreadEventExecutor.java:111) [repro3771-1.0-SNAPSHOT-jar-with-dependencies.jar:na]
	at java.lang.Thread.run(Thread.java:745) [na:1.7.0_71]
2016-03-29 16:21:56,805 [USER-rpc-event-queue] INFO  o.a.d.j.i.DrillResultSetImpl$ResultsListener - [#7] Query failed: 
oadd.org.apache.drill.common.exceptions.UserRemoteException: VALIDATION ERROR: From line 1, column 35 to line 1, column 51: Table 'tpch10/lineitem' not found

SQL Query null

[Error Id: 42db94c8-333f-4c83-991a-def92f863581 on atsqa4-201.qa.lab:31010]
	at oadd.org.apache.drill.exec.rpc.user.QueryResultHandler.resultArrived(QueryResultHandler.java:119) [repro3771-1.0-SNAPSHOT-jar-with-dependencies.jar:na]
	at oadd.org.apache.drill.exec.rpc.user.UserClient.handleReponse(UserClient.java:113) [repro3771-1.0-SNAPSHOT-jar-with-dependencies.jar:na]
	at oadd.org.apache.drill.exec.rpc.BasicClientWithConnection.handle(BasicClientWithConnection.java:46) [repro3771-1.0-SNAPSHOT-jar-with-dependencies.jar:na]
	at oadd.org.apache.drill.exec.rpc.BasicClientWithConnection.handle(BasicClientWithConnection.java:31) [repro3771-1.0-SNAPSHOT-jar-with-dependencies.jar:na]
	at oadd.org.apache.drill.exec.rpc.RpcBus.handle(RpcBus.java:67) [repro3771-1.0-SNAPSHOT-jar-with-dependencies.jar:na]
	at oadd.org.apache.drill.exec.rpc.RpcBus$RequestEvent.run(RpcBus.java:374) [repro3771-1.0-SNAPSHOT-jar-with-dependencies.jar:na]
	at oadd.org.apache.drill.common.SerializedExecutor$RunnableProcessor.run(SerializedExecutor.java:89) [repro3771-1.0-SNAPSHOT-jar-with-dependencies.jar:na]
	at oadd.org.apache.drill.exec.rpc.RpcBus$SameExecutor.execute(RpcBus.java:252) [repro3771-1.0-SNAPSHOT-jar-with-dependencies.jar:na]
	at oadd.org.apache.drill.common.SerializedExecutor.execute(SerializedExecutor.java:123) [repro3771-1.0-SNAPSHOT-jar-with-dependencies.jar:na]
	at oadd.org.apache.drill.exec.rpc.RpcBus$InboundHandler.decode(RpcBus.java:285) [repro3771-1.0-SNAPSHOT-jar-with-dependencies.jar:na]
	at oadd.org.apache.drill.exec.rpc.RpcBus$InboundHandler.decode(RpcBus.java:257) [repro3771-1.0-SNAPSHOT-jar-with-dependencies.jar:na]
	at oadd.io.netty.handler.codec.MessageToMessageDecoder.channelRead(MessageToMessageDecoder.java:89) [repro3771-1.0-SNAPSHOT-jar-with-dependencies.jar:na]
	at oadd.io.netty.channel.AbstractChannelHandlerContext.invokeChannelRead(AbstractChannelHandlerContext.java:339) [repro3771-1.0-SNAPSHOT-jar-with-dependencies.jar:na]
	at oadd.io.netty.channel.AbstractChannelHandlerContext.fireChannelRead(AbstractChannelHandlerContext.java:324) [repro3771-1.0-SNAPSHOT-jar-with-dependencies.jar:na]
	at oadd.io.netty.handler.timeout.IdleStateHandler.channelRead(IdleStateHandler.java:254) [repro3771-1.0-SNAPSHOT-jar-with-dependencies.jar:na]
	at oadd.io.netty.channel.AbstractChannelHandlerContext.invokeChannelRead(AbstractChannelHandlerContext.java:339) [repro3771-1.0-SNAPSHOT-jar-with-dependencies.jar:na]
	at oadd.io.netty.channel.AbstractChannelHandlerContext.fireChannelRead(AbstractChannelHandlerContext.java:324) [repro3771-1.0-SNAPSHOT-jar-with-dependencies.jar:na]
	at oadd.io.netty.handler.codec.MessageToMessageDecoder.channelRead(MessageToMessageDecoder.java:103) [repro3771-1.0-SNAPSHOT-jar-with-dependencies.jar:na]
	at oadd.io.netty.channel.AbstractChannelHandlerContext.invokeChannelRead(AbstractChannelHandlerContext.java:339) [repro3771-1.0-SNAPSHOT-jar-with-dependencies.jar:na]
	at oadd.io.netty.channel.AbstractChannelHandlerContext.fireChannelRead(AbstractChannelHandlerContext.java:324) [repro3771-1.0-SNAPSHOT-jar-with-dependencies.jar:na]
	at oadd.io.netty.handler.codec.ByteToMessageDecoder.channelRead(ByteToMessageDecoder.java:242) [repro3771-1.0-SNAPSHOT-jar-with-dependencies.jar:na]
	at oadd.io.netty.channel.AbstractChannelHandlerContext.invokeChannelRead(AbstractChannelHandlerContext.java:339) [repro3771-1.0-SNAPSHOT-jar-with-dependencies.jar:na]
	at oadd.io.netty.channel.AbstractChannelHandlerContext.fireChannelRead(AbstractChannelHandlerContext.java:324) [repro3771-1.0-SNAPSHOT-jar-with-dependencies.jar:na]
	at oadd.io.netty.channel.ChannelInboundHandlerAdapter.channelRead(ChannelInboundHandlerAdapter.java:86) [repro3771-1.0-SNAPSHOT-jar-with-dependencies.jar:na]
	at oadd.io.netty.channel.AbstractChannelHandlerContext.invokeChannelRead(AbstractChannelHandlerContext.java:339) [repro3771-1.0-SNAPSHOT-jar-with-dependencies.jar:na]
	at oadd.io.netty.channel.AbstractChannelHandlerContext.fireChannelRead(AbstractChannelHandlerContext.java:324) [repro3771-1.0-SNAPSHOT-jar-with-dependencies.jar:na]
	at oadd.io.netty.channel.DefaultChannelPipeline.fireChannelRead(DefaultChannelPipeline.java:847) [repro3771-1.0-SNAPSHOT-jar-with-dependencies.jar:na]
	at oadd.io.netty.channel.nio.AbstractNioByteChannel$NioByteUnsafe.read(AbstractNioByteChannel.java:131) [repro3771-1.0-SNAPSHOT-jar-with-dependencies.jar:na]
	at oadd.io.netty.channel.nio.NioEventLoop.processSelectedKey(NioEventLoop.java:511) [repro3771-1.0-SNAPSHOT-jar-with-dependencies.jar:na]
	at oadd.io.netty.channel.nio.NioEventLoop.processSelectedKeysOptimized(NioEventLoop.java:468) [repro3771-1.0-SNAPSHOT-jar-with-dependencies.jar:na]
	at oadd.io.netty.channel.nio.NioEventLoop.processSelectedKeys(NioEventLoop.java:382) [repro3771-1.0-SNAPSHOT-jar-with-dependencies.jar:na]
	at oadd.io.netty.channel.nio.NioEventLoop.run(NioEventLoop.java:354) [repro3771-1.0-SNAPSHOT-jar-with-dependencies.jar:na]
	at oadd.io.netty.util.concurrent.SingleThreadEventExecutor$2.run(SingleThreadEventExecutor.java:111) [repro3771-1.0-SNAPSHOT-jar-with-dependencies.jar:na]
	at java.lang.Thread.run(Thread.java:745) [na:1.7.0_71]
2016-03-29 16:21:57,475 [USER-rpc-event-queue] INFO  o.a.d.j.i.DrillResultSetImpl$ResultsListener - [#8] Query failed: 
oadd.org.apache.drill.common.exceptions.UserRemoteException: VALIDATION ERROR: From line 1, column 35 to line 1, column 51: Table 'tpch10/lineitem' not found

SQL Query null

[Error Id: 7b582a18-6045-4312-9899-c488343db53e on atsqa4-201.qa.lab:31010]
	at oadd.org.apache.drill.exec.rpc.user.QueryResultHandler.resultArrived(QueryResultHandler.java:119) [repro3771-1.0-SNAPSHOT-jar-with-dependencies.jar:na]
	at oadd.org.apache.drill.exec.rpc.user.UserClient.handleReponse(UserClient.java:113) [repro3771-1.0-SNAPSHOT-jar-with-dependencies.jar:na]
	at oadd.org.apache.drill.exec.rpc.BasicClientWithConnection.handle(BasicClientWithConnection.java:46) [repro3771-1.0-SNAPSHOT-jar-with-dependencies.jar:na]
	at oadd.org.apache.drill.exec.rpc.BasicClientWithConnection.handle(BasicClientWithConnection.java:31) [repro3771-1.0-SNAPSHOT-jar-with-dependencies.jar:na]
	at oadd.org.apache.drill.exec.rpc.RpcBus.handle(RpcBus.java:67) [repro3771-1.0-SNAPSHOT-jar-with-dependencies.jar:na]
	at oadd.org.apache.drill.exec.rpc.RpcBus$RequestEvent.run(RpcBus.java:374) [repro3771-1.0-SNAPSHOT-jar-with-dependencies.jar:na]
	at oadd.org.apache.drill.common.SerializedExecutor$RunnableProcessor.run(SerializedExecutor.java:89) [repro3771-1.0-SNAPSHOT-jar-with-dependencies.jar:na]
	at oadd.org.apache.drill.exec.rpc.RpcBus$SameExecutor.execute(RpcBus.java:252) [repro3771-1.0-SNAPSHOT-jar-with-dependencies.jar:na]
	at oadd.org.apache.drill.common.SerializedExecutor.execute(SerializedExecutor.java:123) [repro3771-1.0-SNAPSHOT-jar-with-dependencies.jar:na]
	at oadd.org.apache.drill.exec.rpc.RpcBus$InboundHandler.decode(RpcBus.java:285) [repro3771-1.0-SNAPSHOT-jar-with-dependencies.jar:na]
	at oadd.org.apache.drill.exec.rpc.RpcBus$InboundHandler.decode(RpcBus.java:257) [repro3771-1.0-SNAPSHOT-jar-with-dependencies.jar:na]
	at oadd.io.netty.handler.codec.MessageToMessageDecoder.channelRead(MessageToMessageDecoder.java:89) [repro3771-1.0-SNAPSHOT-jar-with-dependencies.jar:na]
	at oadd.io.netty.channel.AbstractChannelHandlerContext.invokeChannelRead(AbstractChannelHandlerContext.java:339) [repro3771-1.0-SNAPSHOT-jar-with-dependencies.jar:na]
	at oadd.io.netty.channel.AbstractChannelHandlerContext.fireChannelRead(AbstractChannelHandlerContext.java:324) [repro3771-1.0-SNAPSHOT-jar-with-dependencies.jar:na]
	at oadd.io.netty.handler.timeout.IdleStateHandler.channelRead(IdleStateHandler.java:254) [repro3771-1.0-SNAPSHOT-jar-with-dependencies.jar:na]
	at oadd.io.netty.channel.AbstractChannelHandlerContext.invokeChannelRead(AbstractChannelHandlerContext.java:339) [repro3771-1.0-SNAPSHOT-jar-with-dependencies.jar:na]
	at oadd.io.netty.channel.AbstractChannelHandlerContext.fireChannelRead(AbstractChannelHandlerContext.java:324) [repro3771-1.0-SNAPSHOT-jar-with-dependencies.jar:na]
	at oadd.io.netty.handler.codec.MessageToMessageDecoder.channelRead(MessageToMessageDecoder.java:103) [repro3771-1.0-SNAPSHOT-jar-with-dependencies.jar:na]
	at oadd.io.netty.channel.AbstractChannelHandlerContext.invokeChannelRead(AbstractChannelHandlerContext.java:339) [repro3771-1.0-SNAPSHOT-jar-with-dependencies.jar:na]
	at oadd.io.netty.channel.AbstractChannelHandlerContext.fireChannelRead(AbstractChannelHandlerContext.java:324) [repro3771-1.0-SNAPSHOT-jar-with-dependencies.jar:na]
	at oadd.io.netty.handler.codec.ByteToMessageDecoder.channelRead(ByteToMessageDecoder.java:242) [repro3771-1.0-SNAPSHOT-jar-with-dependencies.jar:na]
	at oadd.io.netty.channel.AbstractChannelHandlerContext.invokeChannelRead(AbstractChannelHandlerContext.java:339) [repro3771-1.0-SNAPSHOT-jar-with-dependencies.jar:na]
	at oadd.io.netty.channel.AbstractChannelHandlerContext.fireChannelRead(AbstractChannelHandlerContext.java:324) [repro3771-1.0-SNAPSHOT-jar-with-dependencies.jar:na]
	at oadd.io.netty.channel.ChannelInboundHandlerAdapter.channelRead(ChannelInboundHandlerAdapter.java:86) [repro3771-1.0-SNAPSHOT-jar-with-dependencies.jar:na]
	at oadd.io.netty.channel.AbstractChannelHandlerContext.invokeChannelRead(AbstractChannelHandlerContext.java:339) [repro3771-1.0-SNAPSHOT-jar-with-dependencies.jar:na]
	at oadd.io.netty.channel.AbstractChannelHandlerContext.fireChannelRead(AbstractChannelHandlerContext.java:324) [repro3771-1.0-SNAPSHOT-jar-with-dependencies.jar:na]
	at oadd.io.netty.channel.DefaultChannelPipeline.fireChannelRead(DefaultChannelPipeline.java:847) [repro3771-1.0-SNAPSHOT-jar-with-dependencies.jar:na]
	at oadd.io.netty.channel.nio.AbstractNioByteChannel$NioByteUnsafe.read(AbstractNioByteChannel.java:131) [repro3771-1.0-SNAPSHOT-jar-with-dependencies.jar:na]
	at oadd.io.netty.channel.nio.NioEventLoop.processSelectedKey(NioEventLoop.java:511) [repro3771-1.0-SNAPSHOT-jar-with-dependencies.jar:na]
	at oadd.io.netty.channel.nio.NioEventLoop.processSelectedKeysOptimized(NioEventLoop.java:468) [repro3771-1.0-SNAPSHOT-jar-with-dependencies.jar:na]
	at oadd.io.netty.channel.nio.NioEventLoop.processSelectedKeys(NioEventLoop.java:382) [repro3771-1.0-SNAPSHOT-jar-with-dependencies.jar:na]
	at oadd.io.netty.channel.nio.NioEventLoop.run(NioEventLoop.java:354) [repro3771-1.0-SNAPSHOT-jar-with-dependencies.jar:na]
	at oadd.io.netty.util.concurrent.SingleThreadEventExecutor$2.run(SingleThreadEventExecutor.java:111) [repro3771-1.0-SNAPSHOT-jar-with-dependencies.jar:na]
	at java.lang.Thread.run(Thread.java:745) [na:1.7.0_71]
2016-03-29 16:21:58,028 [USER-rpc-event-queue] INFO  o.a.d.j.i.DrillResultSetImpl$ResultsListener - [#9] Query failed: 
oadd.org.apache.drill.common.exceptions.UserRemoteException: VALIDATION ERROR: From line 1, column 35 to line 1, column 51: Table 'tpch10/lineitem' not found

SQL Query null

[Error Id: aa105168-974e-4e82-b41a-0e615ace45cf on atsqa4-201.qa.lab:31010]
	at oadd.org.apache.drill.exec.rpc.user.QueryResultHandler.resultArrived(QueryResultHandler.java:119) [repro3771-1.0-SNAPSHOT-jar-with-dependencies.jar:na]
	at oadd.org.apache.drill.exec.rpc.user.UserClient.handleReponse(UserClient.java:113) [repro3771-1.0-SNAPSHOT-jar-with-dependencies.jar:na]
	at oadd.org.apache.drill.exec.rpc.BasicClientWithConnection.handle(BasicClientWithConnection.java:46) [repro3771-1.0-SNAPSHOT-jar-with-dependencies.jar:na]
	at oadd.org.apache.drill.exec.rpc.BasicClientWithConnection.handle(BasicClientWithConnection.java:31) [repro3771-1.0-SNAPSHOT-jar-with-dependencies.jar:na]
	at oadd.org.apache.drill.exec.rpc.RpcBus.handle(RpcBus.java:67) [repro3771-1.0-SNAPSHOT-jar-with-dependencies.jar:na]
	at oadd.org.apache.drill.exec.rpc.RpcBus$RequestEvent.run(RpcBus.java:374) [repro3771-1.0-SNAPSHOT-jar-with-dependencies.jar:na]
	at oadd.org.apache.drill.common.SerializedExecutor$RunnableProcessor.run(SerializedExecutor.java:89) [repro3771-1.0-SNAPSHOT-jar-with-dependencies.jar:na]
	at oadd.org.apache.drill.exec.rpc.RpcBus$SameExecutor.execute(RpcBus.java:252) [repro3771-1.0-SNAPSHOT-jar-with-dependencies.jar:na]
	at oadd.org.apache.drill.common.SerializedExecutor.execute(SerializedExecutor.java:123) [repro3771-1.0-SNAPSHOT-jar-with-dependencies.jar:na]
	at oadd.org.apache.drill.exec.rpc.RpcBus$InboundHandler.decode(RpcBus.java:285) [repro3771-1.0-SNAPSHOT-jar-with-dependencies.jar:na]
	at oadd.org.apache.drill.exec.rpc.RpcBus$InboundHandler.decode(RpcBus.java:257) [repro3771-1.0-SNAPSHOT-jar-with-dependencies.jar:na]
	at oadd.io.netty.handler.codec.MessageToMessageDecoder.channelRead(MessageToMessageDecoder.java:89) [repro3771-1.0-SNAPSHOT-jar-with-dependencies.jar:na]
	at oadd.io.netty.channel.AbstractChannelHandlerContext.invokeChannelRead(AbstractChannelHandlerContext.java:339) [repro3771-1.0-SNAPSHOT-jar-with-dependencies.jar:na]
	at oadd.io.netty.channel.AbstractChannelHandlerContext.fireChannelRead(AbstractChannelHandlerContext.java:324) [repro3771-1.0-SNAPSHOT-jar-with-dependencies.jar:na]
	at oadd.io.netty.handler.timeout.IdleStateHandler.channelRead(IdleStateHandler.java:254) [repro3771-1.0-SNAPSHOT-jar-with-dependencies.jar:na]
	at oadd.io.netty.channel.AbstractChannelHandlerContext.invokeChannelRead(AbstractChannelHandlerContext.java:339) [repro3771-1.0-SNAPSHOT-jar-with-dependencies.jar:na]
	at oadd.io.netty.channel.AbstractChannelHandlerContext.fireChannelRead(AbstractChannelHandlerContext.java:324) [repro3771-1.0-SNAPSHOT-jar-with-dependencies.jar:na]
	at oadd.io.netty.handler.codec.MessageToMessageDecoder.channelRead(MessageToMessageDecoder.java:103) [repro3771-1.0-SNAPSHOT-jar-with-dependencies.jar:na]
	at oadd.io.netty.channel.AbstractChannelHandlerContext.invokeChannelRead(AbstractChannelHandlerContext.java:339) [repro3771-1.0-SNAPSHOT-jar-with-dependencies.jar:na]
	at oadd.io.netty.channel.AbstractChannelHandlerContext.fireChannelRead(AbstractChannelHandlerContext.java:324) [repro3771-1.0-SNAPSHOT-jar-with-dependencies.jar:na]
	at oadd.io.netty.handler.codec.ByteToMessageDecoder.channelRead(ByteToMessageDecoder.java:242) [repro3771-1.0-SNAPSHOT-jar-with-dependencies.jar:na]
	at oadd.io.netty.channel.AbstractChannelHandlerContext.invokeChannelRead(AbstractChannelHandlerContext.java:339) [repro3771-1.0-SNAPSHOT-jar-with-dependencies.jar:na]
	at oadd.io.netty.channel.AbstractChannelHandlerContext.fireChannelRead(AbstractChannelHandlerContext.java:324) [repro3771-1.0-SNAPSHOT-jar-with-dependencies.jar:na]
	at oadd.io.netty.channel.ChannelInboundHandlerAdapter.channelRead(ChannelInboundHandlerAdapter.java:86) [repro3771-1.0-SNAPSHOT-jar-with-dependencies.jar:na]
	at oadd.io.netty.channel.AbstractChannelHandlerContext.invokeChannelRead(AbstractChannelHandlerContext.java:339) [repro3771-1.0-SNAPSHOT-jar-with-dependencies.jar:na]
	at oadd.io.netty.channel.AbstractChannelHandlerContext.fireChannelRead(AbstractChannelHandlerContext.java:324) [repro3771-1.0-SNAPSHOT-jar-with-dependencies.jar:na]
	at oadd.io.netty.channel.DefaultChannelPipeline.fireChannelRead(DefaultChannelPipeline.java:847) [repro3771-1.0-SNAPSHOT-jar-with-dependencies.jar:na]
	at oadd.io.netty.channel.nio.AbstractNioByteChannel$NioByteUnsafe.read(AbstractNioByteChannel.java:131) [repro3771-1.0-SNAPSHOT-jar-with-dependencies.jar:na]
	at oadd.io.netty.channel.nio.NioEventLoop.processSelectedKey(NioEventLoop.java:511) [repro3771-1.0-SNAPSHOT-jar-with-dependencies.jar:na]
	at oadd.io.netty.channel.nio.NioEventLoop.processSelectedKeysOptimized(NioEventLoop.java:468) [repro3771-1.0-SNAPSHOT-jar-with-dependencies.jar:na]
	at oadd.io.netty.channel.nio.NioEventLoop.processSelectedKeys(NioEventLoop.java:382) [repro3771-1.0-SNAPSHOT-jar-with-dependencies.jar:na]
	at oadd.io.netty.channel.nio.NioEventLoop.run(NioEventLoop.java:354) [repro3771-1.0-SNAPSHOT-jar-with-dependencies.jar:na]
	at oadd.io.netty.util.concurrent.SingleThreadEventExecutor$2.run(SingleThreadEventExecutor.java:111) [repro3771-1.0-SNAPSHOT-jar-with-dependencies.jar:na]
	at java.lang.Thread.run(Thread.java:745) [na:1.7.0_71]
2016-03-29 16:21:58,538 [USER-rpc-event-queue] INFO  o.a.d.j.i.DrillResultSetImpl$ResultsListener - [#10] Query failed: 
oadd.org.apache.drill.common.exceptions.UserRemoteException: VALIDATION ERROR: From line 1, column 35 to line 1, column 51: Table 'tpch10/lineitem' not found

SQL Query null

[Error Id: ce9ca7cc-684e-40f4-a55f-ee56579d2ff6 on atsqa4-201.qa.lab:31010]
	at oadd.org.apache.drill.exec.rpc.user.QueryResultHandler.resultArrived(QueryResultHandler.java:119) [repro3771-1.0-SNAPSHOT-jar-with-dependencies.jar:na]
	at oadd.org.apache.drill.exec.rpc.user.UserClient.handleReponse(UserClient.java:113) [repro3771-1.0-SNAPSHOT-jar-with-dependencies.jar:na]
	at oadd.org.apache.drill.exec.rpc.BasicClientWithConnection.handle(BasicClientWithConnection.java:46) [repro3771-1.0-SNAPSHOT-jar-with-dependencies.jar:na]
	at oadd.org.apache.drill.exec.rpc.BasicClientWithConnection.handle(BasicClientWithConnection.java:31) [repro3771-1.0-SNAPSHOT-jar-with-dependencies.jar:na]
	at oadd.org.apache.drill.exec.rpc.RpcBus.handle(RpcBus.java:67) [repro3771-1.0-SNAPSHOT-jar-with-dependencies.jar:na]
	at oadd.org.apache.drill.exec.rpc.RpcBus$RequestEvent.run(RpcBus.java:374) [repro3771-1.0-SNAPSHOT-jar-with-dependencies.jar:na]
	at oadd.org.apache.drill.common.SerializedExecutor$RunnableProcessor.run(SerializedExecutor.java:89) [repro3771-1.0-SNAPSHOT-jar-with-dependencies.jar:na]
	at oadd.org.apache.drill.exec.rpc.RpcBus$SameExecutor.execute(RpcBus.java:252) [repro3771-1.0-SNAPSHOT-jar-with-dependencies.jar:na]
	at oadd.org.apache.drill.common.SerializedExecutor.execute(SerializedExecutor.java:123) [repro3771-1.0-SNAPSHOT-jar-with-dependencies.jar:na]
	at oadd.org.apache.drill.exec.rpc.RpcBus$InboundHandler.decode(RpcBus.java:285) [repro3771-1.0-SNAPSHOT-jar-with-dependencies.jar:na]
	at oadd.org.apache.drill.exec.rpc.RpcBus$InboundHandler.decode(RpcBus.java:257) [repro3771-1.0-SNAPSHOT-jar-with-dependencies.jar:na]
	at oadd.io.netty.handler.codec.MessageToMessageDecoder.channelRead(MessageToMessageDecoder.java:89) [repro3771-1.0-SNAPSHOT-jar-with-dependencies.jar:na]
	at oadd.io.netty.channel.AbstractChannelHandlerContext.invokeChannelRead(AbstractChannelHandlerContext.java:339) [repro3771-1.0-SNAPSHOT-jar-with-dependencies.jar:na]
	at oadd.io.netty.channel.AbstractChannelHandlerContext.fireChannelRead(AbstractChannelHandlerContext.java:324) [repro3771-1.0-SNAPSHOT-jar-with-dependencies.jar:na]
	at oadd.io.netty.handler.timeout.IdleStateHandler.channelRead(IdleStateHandler.java:254) [repro3771-1.0-SNAPSHOT-jar-with-dependencies.jar:na]
	at oadd.io.netty.channel.AbstractChannelHandlerContext.invokeChannelRead(AbstractChannelHandlerContext.java:339) [repro3771-1.0-SNAPSHOT-jar-with-dependencies.jar:na]
	at oadd.io.netty.channel.AbstractChannelHandlerContext.fireChannelRead(AbstractChannelHandlerContext.java:324) [repro3771-1.0-SNAPSHOT-jar-with-dependencies.jar:na]
	at oadd.io.netty.handler.codec.MessageToMessageDecoder.channelRead(MessageToMessageDecoder.java:103) [repro3771-1.0-SNAPSHOT-jar-with-dependencies.jar:na]
	at oadd.io.netty.channel.AbstractChannelHandlerContext.invokeChannelRead(AbstractChannelHandlerContext.java:339) [repro3771-1.0-SNAPSHOT-jar-with-dependencies.jar:na]
	at oadd.io.netty.channel.AbstractChannelHandlerContext.fireChannelRead(AbstractChannelHandlerContext.java:324) [repro3771-1.0-SNAPSHOT-jar-with-dependencies.jar:na]
	at oadd.io.netty.handler.codec.ByteToMessageDecoder.channelRead(ByteToMessageDecoder.java:242) [repro3771-1.0-SNAPSHOT-jar-with-dependencies.jar:na]
	at oadd.io.netty.channel.AbstractChannelHandlerContext.invokeChannelRead(AbstractChannelHandlerContext.java:339) [repro3771-1.0-SNAPSHOT-jar-with-dependencies.jar:na]
	at oadd.io.netty.channel.AbstractChannelHandlerContext.fireChannelRead(AbstractChannelHandlerContext.java:324) [repro3771-1.0-SNAPSHOT-jar-with-dependencies.jar:na]
	at oadd.io.netty.channel.ChannelInboundHandlerAdapter.channelRead(ChannelInboundHandlerAdapter.java:86) [repro3771-1.0-SNAPSHOT-jar-with-dependencies.jar:na]
	at oadd.io.netty.channel.AbstractChannelHandlerContext.invokeChannelRead(AbstractChannelHandlerContext.java:339) [repro3771-1.0-SNAPSHOT-jar-with-dependencies.jar:na]
	at oadd.io.netty.channel.AbstractChannelHandlerContext.fireChannelRead(AbstractChannelHandlerContext.java:324) [repro3771-1.0-SNAPSHOT-jar-with-dependencies.jar:na]
	at oadd.io.netty.channel.DefaultChannelPipeline.fireChannelRead(DefaultChannelPipeline.java:847) [repro3771-1.0-SNAPSHOT-jar-with-dependencies.jar:na]
	at oadd.io.netty.channel.nio.AbstractNioByteChannel$NioByteUnsafe.read(AbstractNioByteChannel.java:131) [repro3771-1.0-SNAPSHOT-jar-with-dependencies.jar:na]
	at oadd.io.netty.channel.nio.NioEventLoop.processSelectedKey(NioEventLoop.java:511) [repro3771-1.0-SNAPSHOT-jar-with-dependencies.jar:na]
	at oadd.io.netty.channel.nio.NioEventLoop.processSelectedKeysOptimized(NioEventLoop.java:468) [repro3771-1.0-SNAPSHOT-jar-with-dependencies.jar:na]
	at oadd.io.netty.channel.nio.NioEventLoop.processSelectedKeys(NioEventLoop.java:382) [repro3771-1.0-SNAPSHOT-jar-with-dependencies.jar:na]
	at oadd.io.netty.channel.nio.NioEventLoop.run(NioEventLoop.java:354) [repro3771-1.0-SNAPSHOT-jar-with-dependencies.jar:na]
	at oadd.io.netty.util.concurrent.SingleThreadEventExecutor$2.run(SingleThreadEventExecutor.java:111) [repro3771-1.0-SNAPSHOT-jar-with-dependencies.jar:na]
	at java.lang.Thread.run(Thread.java:745) [na:1.7.0_71]
